1>Insertado.
2>20 
3>Insertado.
4>Insertado.
5>Insertado.
6>Insertado.
7>Insertado.
8>Insertado.
9>Agregando.
10>Agregando.
11>Agregando.
12>Agregando.
13>Agregando.
14>Agregando.
15>6.
16>p está vacia.
17>Apilado.
18>p NO está vacia.
19>Apilado.
20>Desapilado.
21>20.
22>Encolado.
23>10
24>Desencolado.
25>30 35 40 45 50 60 70 80 85 
26>30 40 60 70 80 
27>6.
28>p NO está vacia.
29>p NO está llena.
30>10 | 9 | 8 | 2 7 | 5 | 20 
31>q está vacia.
32>Fin.
