1>Apilado.
2>Apilado.
3>p NO está vacia.
4>Encolado.
5>Insertado.
6>Insertado.
7>Insertado.
8>Insertado.
9>Insertado.
10>Creado el singleton.
11>Union.
12>Desapilado.
13>5.
14>Binario vacío.
15>Desencolado.
16>8
17>Altura de avl: 3.
18>8 10 12 14 16 
19>
-(4,0.00)
(3,0.00)
-(2,0.00)
--(1,0.00)
20>3 6 7 
21>Fin.
