1>Encolado.
2>Encolado.
3>Encolado.
4>Encolado.
5>Vacio.
6>
--(14,0.00)
-(13,0.00)
(12,0.00)
-(10,0.00)
7>Union.
8>Intersección.
9>p NO está llena.
10>p está vacia.
11>Binario vacío.
12>Desencolado.
13>13
14>Altura de avl: 3.
15>No pertenece.
16>Pertenece.
17>3 6 
18>Fin.
