1>La pila est치 vacia. 
2>Apilar. 
3>La pila no est치 vacia. 
4>La cima es (15,5.20)
5>Desapilar. 
6>La pila est치 vacia. 
7>Apilar. 
8>La cima es (95,24.00)
9>Apilar. 
10>La cima es (85,2.00)
11>Desapilar. 
12>La cima es (95,24.00)
13>Apilar. 
14>Apilar. 
15>Apilar. 
16>Apilar. 
17>Apilar. 
18>Apilar. 
19>La cima es (55,-24.00)
20>Desapilar. 
21>Desapilar. 
22>Desapilar. 
23>Desapilar. 
24>Desapilar. 
25>La cima es (65,3.00)
26>La pila no est치 vacia. 
27>Fin.
